Job started on node221
Time: Tue Mar  3 03:19:06 CET 2026
/var/spool/slurmd/job92154/slurm_script: line 13: /home/dpp2567/.bashrc: No such file or directory
/var/spool/slurmd/job92154/slurm_script: line 14: conda: command not found
Tue Mar  3 03:19:08 2026       
+-----------------------------------------------------------------------------------------+
| NVIDIA-SMI 560.35.03              Driver Version: 560.35.03      CUDA Version: 12.6     |
|-----------------------------------------+------------------------+----------------------+
| GPU  Name                 Persistence-M | Bus-Id          Disp.A | Volatile Uncorr. ECC |
| Fan  Temp   Perf          Pwr:Usage/Cap |           Memory-Usage | GPU-Util  Compute M. |
|                                         |                        |               MIG M. |
|=========================================+========================+======================|
|   0  NVIDIA TITAN RTX               Off |   00000000:02:00.0 Off |                  N/A |
| 25%   38C    P0             62W /  280W |       1MiB /  24576MiB |      0%      Default |
|                                         |                        |                  N/A |
+-----------------------------------------+------------------------+----------------------+
|   1  NVIDIA TITAN RTX               Off |   00000000:82:00.0 Off |                  N/A |
| 30%   36C    P0             60W /  280W |       1MiB /  24576MiB |      0%      Default |
|                                         |                        |                  N/A |
+-----------------------------------------+------------------------+----------------------+
                                                                                         
+-----------------------------------------------------------------------------------------+
| Processes:                                                                              |
|  GPU   GI   CI        PID   Type   Process name                              GPU Memory |
|        ID   ID                                                               Usage      |
|=========================================================================================|
|  No running processes found                                                             |
+-----------------------------------------------------------------------------------------+
/var/spool/slurmd/job92154/slurm_script: line 20: python: command not found
/var/spool/slurmd/job92154/slurm_script: line 21: python: command not found
/var/spool/slurmd/job92154/slurm_script: line 23: python: command not found
/var/spool/slurmd/job92154/slurm_script: line 24: python: command not found
Finished at Tue Mar  3 03:19:10 CET 2026
